<html>
<body>
<pre>
<h1>µVision Build Log</h1>
<h2>Tool Versions:</h2>
IDE-Version: ¶ÃVision V5.29.0.0
Copyright (C) 2019 ARM Ltd and ARM Germany GmbH. All rights reserved.
License Information: chen 15151514819@163.com, chenke, LIC=----
 
Tool Versions:
Toolchain:       MDK-Lite  Version: 5.29.0.0
Toolchain Path:  C:\Keil_v5\ARM\ARMCC\Bin
C Compiler:      Armcc.exe V5.06 update 6 (build 750)
Assembler:       Armasm.exe V5.06 update 6 (build 750)
Linker/Locator:  ArmLink.exe V5.06 update 6 (build 750)
Library Manager: ArmAr.exe V5.06 update 6 (build 750)
Hex Converter:   FromElf.exe V5.06 update 6 (build 750)
CPU DLL:         SARMCM3.DLL V5.29.0.0
Dialog DLL:      DARMSTM.DLL V1.68.0.0
Target DLL:      STLink\ST-LINKIII-KEIL_SWO.dll V3.0.7.0
Dialog DLL:      TARMSTM.DLL V1.66.0.0
 
<h2>Project:</h2>
E:\u≈Ã\stm32\tristate_timer_mutiple_trigger\USER\PWM.uvprojx
Project File Date:  02/28/2022

<h2>Output:</h2>
*** Using Compiler 'V5.06 update 6 (build 750)', folder: 'C:\Keil_v5\ARM\ARMCC\Bin'
Rebuild target 'PWM'
compiling stm32f10x_it.c...
compiling system_stm32f10x.c...
compiling led.c...
compiling timer.c...
..\HARDWARE\TIMER\timer.c(10): warning:  #177-D: variable "NVIC_InitStructure"  was declared but never referenced
  	NVIC_InitTypeDef NVIC_InitStructure;
..\HARDWARE\TIMER\timer.c(75): warning:  #177-D: variable "NVIC_InitStructure"  was declared but never referenced
  	NVIC_InitTypeDef NVIC_InitStructure;
..\HARDWARE\TIMER\timer.c: 2 warnings, 0 errors
compiling main.c...
..\HARDWARE\EXTI\exti.h(17): warning:  #1-D: last line of file ends without a newline
  #endif
..\HARDWARE\SEQUENCE\sequence.h(49): warning:  #1-D: last line of file ends without a newline
  #endif
main.c(38): warning:  #177-D: variable "array_four"  was declared but never referenced
  	  int array_four[4] = {0,0,1,1};
main.c(109): warning:  #1-D: last line of file ends without a newline
  }
main.c: 4 warnings, 0 errors
compiling exti.c...
..\HARDWARE\EXTI\exti.h(17): warning:  #1-D: last line of file ends without a newline
  #endif
..\HARDWARE\EXTI\exti.c: 1 warning, 0 errors
compiling key.c...
assembling startup_stm32f10x_hd.s...
compiling core_cm3.c...
compiling sequence.c...
..\HARDWARE\SEQUENCE\sequence.h(49): warning:  #1-D: last line of file ends without a newline
  #endif
..\HARDWARE\SEQUENCE\sequence.c(117): warning:  #1-D: last line of file ends without a newline
  }
..\HARDWARE\SEQUENCE\sequence.c: 2 warnings, 0 errors
compiling delay.c...
compiling usart.c...
compiling misc.c...
compiling sys.c...
compiling stm32f10x_gpio.c...
compiling stm32f10x_rcc.c...
compiling stm32f10x_exti.c...
compiling stm32f10x_tim.c...
compiling stm32f10x_usart.c...
linking...
Program Size: Code=10124 RO-data=352 RW-data=124 ZI-data=1900  
FromELF: creating hex file...
"..\OBJ\PWM.axf" - 0 Error(s), 9 Warning(s).

<h2>Software Packages used:</h2>

Package Vendor: Keil
                http://www.keil.com/pack/Keil.STM32F1xx_DFP.1.0.5.pack
                Keil.STM32F1xx_DFP.1.0.5
                STMicroelectronics STM32F1 Series Device Support, Drivers and Examples

<h2>Collection of Component include folders:</h2>
  .\RTE\_PWM
  C:\Users\15151\AppData\Local\Arm\Packs\Keil\STM32F1xx_DFP\1.0.5\Device\Include

<h2>Collection of Component Files used:</h2>
Build Time Elapsed:  00:00:03
</pre>
</body>
</html>
